--------------------------------------------------------------------------------
Release 14.7 Trace  (nt64)
Copyright (c) 1995-2013 Xilinx, Inc.  All rights reserved.

D:\FPGA\14.7\ISE_DS\ISE\bin\nt64\unwrapped\trce.exe -intstyle ise -v 3 -s 3 -n
3 -fastpaths -xml My_7Segment.twx My_7Segment.ncd -o My_7Segment.twr
My_7Segment.pcf

Design file:              My_7Segment.ncd
Physical constraint file: My_7Segment.pcf
Device,package,speed:     xc6slx9,tqg144,C,-3 (PRODUCTION 1.23 2013-10-13)
Report level:             verbose report

Environment Variable      Effect 
--------------------      ------ 
NONE                      No environment variables were set
--------------------------------------------------------------------------------

INFO:Timing:2698 - No timing constraints found, doing default enumeration.
INFO:Timing:3412 - To improve timing, see the Timing Closure User Guide (UG612).
INFO:Timing:2752 - To get complete path coverage, use the unconstrained paths 
   option. All paths that are not constrained will be reported in the 
   unconstrained paths section(s) of the report.
INFO:Timing:3339 - The clock-to-out numbers in this timing report are based on 
   a 50 Ohm transmission line loading model.  For the details of this model, 
   and for more information on accounting for different loading conditions, 
   please see the device datasheet.



Data Sheet report:
-----------------
All values displayed in nanoseconds (ns)

Pad to Pad
---------------+---------------+---------+
Source Pad     |Destination Pad|  Delay  |
---------------+---------------+---------+
B0             |A              |    6.388|
B0             |D              |    6.662|
B0             |F              |    6.179|
B0             |G              |    6.462|
B1             |A              |    7.354|
B1             |B              |    6.670|
B1             |C              |    6.334|
B1             |D              |    7.116|
B1             |E              |    6.820|
B1             |F              |    7.145|
B1             |G              |    6.916|
B2             |A              |    6.506|
B2             |B              |    7.000|
B2             |C              |    6.399|
B2             |D              |    6.954|
B2             |E              |    7.150|
B2             |F              |    6.297|
B2             |G              |    6.754|
B3             |A              |    7.107|
B3             |B              |    6.530|
B3             |C              |    6.459|
B3             |D              |    6.977|
B3             |E              |    6.680|
B3             |F              |    6.898|
B3             |G              |    6.777|
---------------+---------------+---------+


Analysis completed Wed May 11 14:26:00 2022 
--------------------------------------------------------------------------------

Trace Settings:
-------------------------
Trace Settings 

Peak Memory Usage: 4571 MB



